# Readme test
Post list example:
<!-- BLOG-POST-LIST:START -->
- [God Mode in browsers: document.designMode = &quot;on&quot;](https://dev.to/gautamkrishnar/god-mode-in-browsers-document-designmode-on-2pmo)
- [Hi, I&#39;m Gautam krishna.R](https://dev.to/gautamkrishnar/hi-im-gautam-krishnar)
<!-- BLOG-POST-LIST:END -->

# Other contents
Test content
