# Readme test
Post list example:
<!-- BLOG-POST-LIST:START -->
- [God Mode in browsers: document.designMode = &quot;on&quot;](https://dev.to/gautamkrishnar/god-mode-in-browsers-document-designmode-on-2pmo)
- [Skipping the Chrome &quot;Your connection is not private&quot; warning](https://dev.to/gautamkrishnar/quickbits-1-skipping-the-chrome-your-connection-is-not-private-warning-4kp1)
- [Microsoft Student Partners – Geek is the new rockstar](https://dev.to/gautamkrishnar/microsoft-student-partners--geek-is-the-new-rockstar)
- [An Introduction to NumPy](https://dev.to/gautamkrishnar/an-introduction-to-numpy)
- [Comment by Gautam Krishna R on test](https://stackoverflow.com/questions/49310909/omniauth-facebook-login-does-not-work/49311637?cid=85720166#49311637)
- [Hi, I&#39;m Gautam krishna.R](https://dev.to/gautamkrishnar/hi-im-gautam-krishnar)
- [DuckDuckGo – The search engine redefined](https://dev.to/gautamkrishnar/duckduckgo-the-search-engine-redefined-4c7d)
<!-- BLOG-POST-LIST:END -->

# Other contents
Test content
