# Readme test
Post list example:
<!-- BLOG-POST-LIST:START -->&lt;p&gt;Just ty... 
&lt;p&gt;You guy... 
&lt;p&gt;&lt;a href... 
&lt;p&gt;&lt;a href... 
&lt;p&gt;I have... 
&lt;p&gt;&lt;a href... 
<!-- BLOG-POST-LIST:END -->

# Other contents
Test content
