# Readme test
Post list example:
<!-- BLOG-POST-LIST:START -->
- [God Mode i...](https://dev.to/gautamkrishnar/god-mode-in-browsers-document-designmode-on-2pmo)
- [Skipping t...](https://dev.to/gautamkrishnar/quickbits-1-skipping-the-chrome-your-connection-is-not-private-warning-4kp1)
- [Microsoft...](https://dev.to/gautamkrishnar/microsoft-student-partners--geek-is-the-new-rockstar)
- [An Introdu...](https://dev.to/gautamkrishnar/an-introduction-to-numpy)
- [Hi, I&#39;m Ga...](https://dev.to/gautamkrishnar/hi-im-gautam-krishnar)
- [DuckDuckGo...](https://dev.to/gautamkrishnar/duckduckgo-the-search-engine-redefined-4c7d)
<!-- BLOG-POST-LIST:END -->

# Other contents
Test content
