# Readme test
Post list example:
<!-- BLOG-POST-LIST:START -->chrome, firefox, devtools, webdevtrick, chrome, privacy, httpsmicrosoft, student, partner, mspnumpy, python, introductionintroductionsduckduckgo, searching, tips, privacy<!-- BLOG-POST-LIST:END -->

# Other contents
Test content
