# Readme test
Post list example:
<!-- BLOG-POST-LIST:START -->
- []()
<!-- BLOG-POST-LIST:END -->

# Other contents
Test content
